// Jest Snapshot v1, https://goo.gl/fbAQLP

exports[`Pagination renders without crashing 1`] = `
ShallowWrapper {
  Symbol(enzyme.__root__): [Circular],
  Symbol(enzyme.__unrendered__): <Pagination
    page={1}
    totalPage={5}
    turnPage={
      [MockFunction] {
        "calls": Array [
          Array [
            "first",
          ],
          Array [
            "prev",
          ],
          Array [
            "next",
          ],
          Array [
            "last",
          ],
        ],
        "results": Array [
          Object {
            "isThrow": false,
            "value": undefined,
          },
          Object {
            "isThrow": false,
            "value": undefined,
          },
          Object {
            "isThrow": false,
            "value": undefined,
          },
          Object {
            "isThrow": false,
            "value": undefined,
          },
        ],
      }
    }
  />,
  Symbol(enzyme.__renderer__): Object {
    "batchedUpdates": [Function],
    "checkPropTypes": [Function],
    "getNode": [Function],
    "render": [Function],
    "simulateError": [Function],
    "simulateEvent": [Function],
    "unmount": [Function],
  },
  Symbol(enzyme.__node__): Object {
    "instance": null,
    "key": undefined,
    "nodeType": "host",
    "props": Object {
      "children": Array [
        "Page ",
        1,
        " of ",
        5,
        "  ",
        <span
          className="link"
          id="first"
        >
          &lt;&lt;
        </span>,
        " ",
        <span
          className="link"
          id="prev"
        >
          &lt;
        </span>,
        " ",
        <span
          className="link"
          id="next"
        >
          &gt;
        </span>,
        " ",
        <span
          className="link"
          id="last"
        >
          &gt;&gt;
        </span>,
      ],
      "className": "pagination",
    },
    "ref": null,
    "rendered": Array [
      "Page ",
      1,
      " of ",
      5,
      "  ",
      Object {
        "instance": null,
        "key": undefined,
        "nodeType": "host",
        "props": Object {
          "children": "<<",
          "className": "link",
          "id": "first",
          "onClick": undefined,
        },
        "ref": null,
        "rendered": "<<",
        "type": "span",
      },
      " ",
      Object {
        "instance": null,
        "key": undefined,
        "nodeType": "host",
        "props": Object {
          "children": "<",
          "className": "link",
          "id": "prev",
          "onClick": undefined,
        },
        "ref": null,
        "rendered": "<",
        "type": "span",
      },
      " ",
      Object {
        "instance": null,
        "key": undefined,
        "nodeType": "host",
        "props": Object {
          "children": ">",
          "className": "link",
          "id": "next",
          "onClick": undefined,
        },
        "ref": null,
        "rendered": ">",
        "type": "span",
      },
      " ",
      Object {
        "instance": null,
        "key": undefined,
        "nodeType": "host",
        "props": Object {
          "children": ">>",
          "className": "link",
          "id": "last",
          "onClick": undefined,
        },
        "ref": null,
        "rendered": ">>",
        "type": "span",
      },
    ],
    "type": "div",
  },
  Symbol(enzyme.__nodes__): Array [
    Object {
      "instance": null,
      "key": undefined,
      "nodeType": "host",
      "props": Object {
        "children": Array [
          "Page ",
          1,
          " of ",
          5,
          "  ",
          <span
            className="link"
            id="first"
          >
            &lt;&lt;
          </span>,
          " ",
          <span
            className="link"
            id="prev"
          >
            &lt;
          </span>,
          " ",
          <span
            className="link"
            id="next"
          >
            &gt;
          </span>,
          " ",
          <span
            className="link"
            id="last"
          >
            &gt;&gt;
          </span>,
        ],
        "className": "pagination",
      },
      "ref": null,
      "rendered": Array [
        "Page ",
        1,
        " of ",
        5,
        "  ",
        Object {
          "instance": null,
          "key": undefined,
          "nodeType": "host",
          "props": Object {
            "children": "<<",
            "className": "link",
            "id": "first",
            "onClick": undefined,
          },
          "ref": null,
          "rendered": "<<",
          "type": "span",
        },
        " ",
        Object {
          "instance": null,
          "key": undefined,
          "nodeType": "host",
          "props": Object {
            "children": "<",
            "className": "link",
            "id": "prev",
            "onClick": undefined,
          },
          "ref": null,
          "rendered": "<",
          "type": "span",
        },
        " ",
        Object {
          "instance": null,
          "key": undefined,
          "nodeType": "host",
          "props": Object {
            "children": ">",
            "className": "link",
            "id": "next",
            "onClick": undefined,
          },
          "ref": null,
          "rendered": ">",
          "type": "span",
        },
        " ",
        Object {
          "instance": null,
          "key": undefined,
          "nodeType": "host",
          "props": Object {
            "children": ">>",
            "className": "link",
            "id": "last",
            "onClick": undefined,
          },
          "ref": null,
          "rendered": ">>",
          "type": "span",
        },
      ],
      "type": "div",
    },
  ],
  Symbol(enzyme.__options__): Object {
    "adapter": ReactSixteenAdapter {
      "options": Object {
        "enableComponentDidUpdateOnSetState": true,
        "legacyContextMode": "parent",
        "lifecycles": Object {
          "componentDidUpdate": Object {
            "onSetState": true,
          },
          "getChildContext": Object {
            "calledByRenderer": false,
          },
          "getDerivedStateFromError": true,
          "getDerivedStateFromProps": Object {
            "hasShouldComponentUpdateBug": false,
          },
          "getSnapshotBeforeUpdate": true,
          "setState": Object {
            "skipsComponentDidUpdateOnNullish": true,
          },
        },
      },
    },
  },
  Symbol(enzyme.__childContext__): null,
}
`;
